
--- 2026-03-27 00:50:39.497237 ---
Traceback (most recent call last):
  File "/Users/vishnupanicker/Documents/GitHub/Axiom/packages/ml-engine/venv/lib/python3.12/site-packages/starlette/middleware/errors.py", line 164, in __call__
    await self.app(scope, receive, _send)
  File "/Users/vishnupanicker/Documents/GitHub/Axiom/packages/ml-engine/venv/lib/python3.12/site-packages/starlette/middleware/cors.py", line 96, in __call__
    await self.simple_response(scope, receive, send, request_headers=headers)
  File "/Users/vishnupanicker/Documents/GitHub/Axiom/packages/ml-engine/venv/lib/python3.12/site-packages/starlette/middleware/cors.py", line 154, in simple_response
    await self.app(scope, receive, send)
  File "/Users/vishnupanicker/Documents/GitHub/Axiom/packages/ml-engine/venv/lib/python3.12/site-packages/starlette/middleware/exceptions.py", line 63, in __call__
    await wrap_app_handling_exceptions(self.app, conn)(scope, receive, send)
  File "/Users/vishnupanicker/Documents/GitHub/Axiom/packages/ml-engine/venv/lib/python3.12/site-packages/starlette/_exception_handler.py", line 53, in wrapped_app
    raise exc
  File "/Users/vishnupanicker/Documents/GitHub/Axiom/packages/ml-engine/venv/lib/python3.12/site-packages/starlette/_exception_handler.py", line 42, in wrapped_app
    await app(scope, receive, sender)
  File "/Users/vishnupanicker/Documents/GitHub/Axiom/packages/ml-engine/venv/lib/python3.12/site-packages/fastapi/middleware/asyncexitstack.py", line 18, in __call__
    await self.app(scope, receive, send)
  File "/Users/vishnupanicker/Documents/GitHub/Axiom/packages/ml-engine/venv/lib/python3.12/site-packages/starlette/routing.py", line 660, in __call__
    await self.middleware_stack(scope, receive, send)
  File "/Users/vishnupanicker/Documents/GitHub/Axiom/packages/ml-engine/venv/lib/python3.12/site-packages/starlette/routing.py", line 680, in app
    await route.handle(scope, receive, send)
  File "/Users/vishnupanicker/Documents/GitHub/Axiom/packages/ml-engine/venv/lib/python3.12/site-packages/starlette/routing.py", line 276, in handle
    await self.app(scope, receive, send)
  File "/Users/vishnupanicker/Documents/GitHub/Axiom/packages/ml-engine/venv/lib/python3.12/site-packages/fastapi/routing.py", line 134, in app
    await wrap_app_handling_exceptions(app, request)(scope, receive, send)
  File "/Users/vishnupanicker/Documents/GitHub/Axiom/packages/ml-engine/venv/lib/python3.12/site-packages/starlette/_exception_handler.py", line 53, in wrapped_app
    raise exc
  File "/Users/vishnupanicker/Documents/GitHub/Axiom/packages/ml-engine/venv/lib/python3.12/site-packages/starlette/_exception_handler.py", line 42, in wrapped_app
    await app(scope, receive, sender)
  File "/Users/vishnupanicker/Documents/GitHub/Axiom/packages/ml-engine/venv/lib/python3.12/site-packages/fastapi/routing.py", line 120, in app
    response = await f(request)
               ^^^^^^^^^^^^^^^^
  File "/Users/vishnupanicker/Documents/GitHub/Axiom/packages/ml-engine/venv/lib/python3.12/site-packages/fastapi/routing.py", line 674, in app
    raw_response = await run_endpoint_function(
                   ^^^^^^^^^^^^^^^^^^^^^^^^^^^^
  File "/Users/vishnupanicker/Documents/GitHub/Axiom/packages/ml-engine/venv/lib/python3.12/site-packages/fastapi/routing.py", line 328, in run_endpoint_function
    return await dependant.call(**values)
           ^^^^^^^^^^^^^^^^^^^^^^^^^^^^^^
  File "/Users/vishnupanicker/Documents/GitHub/Axiom/packages/ml-engine/src/routers/users.py", line 14, in get_watchlist
    df = db.query("SELECT symbol FROM watchlist ORDER BY added_at ASC")
         ^^^^^^^^^^^^^^^^^^^^^^^^^^^^^^^^^^^^^^^^^^^^^^^^^^^^^^^^^^^^^^
  File "/Users/vishnupanicker/Documents/GitHub/Axiom/packages/ml-engine/src/common_db/duckdb_client.py", line 138, in query
    with duckdb.connect(str(self.db_path), read_only=True) as conn:
         ^^^^^^^^^^^^^^^^^^^^^^^^^^^^^^^^^^^^^^^^^^^^^^^^^
_duckdb.ConnectionException: Connection Error: Can't open a connection to same database file with a different configuration than existing connections


--- 2026-03-27 00:50:39.514052 ---
Traceback (most recent call last):
  File "/Users/vishnupanicker/Documents/GitHub/Axiom/packages/ml-engine/venv/lib/python3.12/site-packages/starlette/middleware/errors.py", line 164, in __call__
    await self.app(scope, receive, _send)
  File "/Users/vishnupanicker/Documents/GitHub/Axiom/packages/ml-engine/venv/lib/python3.12/site-packages/starlette/middleware/cors.py", line 96, in __call__
    await self.simple_response(scope, receive, send, request_headers=headers)
  File "/Users/vishnupanicker/Documents/GitHub/Axiom/packages/ml-engine/venv/lib/python3.12/site-packages/starlette/middleware/cors.py", line 154, in simple_response
    await self.app(scope, receive, send)
  File "/Users/vishnupanicker/Documents/GitHub/Axiom/packages/ml-engine/venv/lib/python3.12/site-packages/starlette/middleware/exceptions.py", line 63, in __call__
    await wrap_app_handling_exceptions(self.app, conn)(scope, receive, send)
  File "/Users/vishnupanicker/Documents/GitHub/Axiom/packages/ml-engine/venv/lib/python3.12/site-packages/starlette/_exception_handler.py", line 53, in wrapped_app
    raise exc
  File "/Users/vishnupanicker/Documents/GitHub/Axiom/packages/ml-engine/venv/lib/python3.12/site-packages/starlette/_exception_handler.py", line 42, in wrapped_app
    await app(scope, receive, sender)
  File "/Users/vishnupanicker/Documents/GitHub/Axiom/packages/ml-engine/venv/lib/python3.12/site-packages/fastapi/middleware/asyncexitstack.py", line 18, in __call__
    await self.app(scope, receive, send)
  File "/Users/vishnupanicker/Documents/GitHub/Axiom/packages/ml-engine/venv/lib/python3.12/site-packages/starlette/routing.py", line 660, in __call__
    await self.middleware_stack(scope, receive, send)
  File "/Users/vishnupanicker/Documents/GitHub/Axiom/packages/ml-engine/venv/lib/python3.12/site-packages/starlette/routing.py", line 680, in app
    await route.handle(scope, receive, send)
  File "/Users/vishnupanicker/Documents/GitHub/Axiom/packages/ml-engine/venv/lib/python3.12/site-packages/starlette/routing.py", line 276, in handle
    await self.app(scope, receive, send)
  File "/Users/vishnupanicker/Documents/GitHub/Axiom/packages/ml-engine/venv/lib/python3.12/site-packages/fastapi/routing.py", line 134, in app
    await wrap_app_handling_exceptions(app, request)(scope, receive, send)
  File "/Users/vishnupanicker/Documents/GitHub/Axiom/packages/ml-engine/venv/lib/python3.12/site-packages/starlette/_exception_handler.py", line 53, in wrapped_app
    raise exc
  File "/Users/vishnupanicker/Documents/GitHub/Axiom/packages/ml-engine/venv/lib/python3.12/site-packages/starlette/_exception_handler.py", line 42, in wrapped_app
    await app(scope, receive, sender)
  File "/Users/vishnupanicker/Documents/GitHub/Axiom/packages/ml-engine/venv/lib/python3.12/site-packages/fastapi/routing.py", line 120, in app
    response = await f(request)
               ^^^^^^^^^^^^^^^^
  File "/Users/vishnupanicker/Documents/GitHub/Axiom/packages/ml-engine/venv/lib/python3.12/site-packages/fastapi/routing.py", line 674, in app
    raw_response = await run_endpoint_function(
                   ^^^^^^^^^^^^^^^^^^^^^^^^^^^^
  File "/Users/vishnupanicker/Documents/GitHub/Axiom/packages/ml-engine/venv/lib/python3.12/site-packages/fastapi/routing.py", line 328, in run_endpoint_function
    return await dependant.call(**values)
           ^^^^^^^^^^^^^^^^^^^^^^^^^^^^^^
  File "/Users/vishnupanicker/Documents/GitHub/Axiom/packages/ml-engine/src/routers/trades.py", line 18, in get_active_trades
    df = db.query("SELECT * FROM trades WHERE status = 'OPEN'")
         ^^^^^^^^^^^^^^^^^^^^^^^^^^^^^^^^^^^^^^^^^^^^^^^^^^^^^^
  File "/Users/vishnupanicker/Documents/GitHub/Axiom/packages/ml-engine/src/common_db/duckdb_client.py", line 138, in query
    with duckdb.connect(str(self.db_path), read_only=True) as conn:
         ^^^^^^^^^^^^^^^^^^^^^^^^^^^^^^^^^^^^^^^^^^^^^^^^^
_duckdb.ConnectionException: Connection Error: Can't open a connection to same database file with a different configuration than existing connections


--- 2026-03-27 00:50:39.529277 ---
Traceback (most recent call last):
  File "/Users/vishnupanicker/Documents/GitHub/Axiom/packages/ml-engine/venv/lib/python3.12/site-packages/starlette/middleware/errors.py", line 164, in __call__
    await self.app(scope, receive, _send)
  File "/Users/vishnupanicker/Documents/GitHub/Axiom/packages/ml-engine/venv/lib/python3.12/site-packages/starlette/middleware/cors.py", line 96, in __call__
    await self.simple_response(scope, receive, send, request_headers=headers)
  File "/Users/vishnupanicker/Documents/GitHub/Axiom/packages/ml-engine/venv/lib/python3.12/site-packages/starlette/middleware/cors.py", line 154, in simple_response
    await self.app(scope, receive, send)
  File "/Users/vishnupanicker/Documents/GitHub/Axiom/packages/ml-engine/venv/lib/python3.12/site-packages/starlette/middleware/exceptions.py", line 63, in __call__
    await wrap_app_handling_exceptions(self.app, conn)(scope, receive, send)
  File "/Users/vishnupanicker/Documents/GitHub/Axiom/packages/ml-engine/venv/lib/python3.12/site-packages/starlette/_exception_handler.py", line 53, in wrapped_app
    raise exc
  File "/Users/vishnupanicker/Documents/GitHub/Axiom/packages/ml-engine/venv/lib/python3.12/site-packages/starlette/_exception_handler.py", line 42, in wrapped_app
    await app(scope, receive, sender)
  File "/Users/vishnupanicker/Documents/GitHub/Axiom/packages/ml-engine/venv/lib/python3.12/site-packages/fastapi/middleware/asyncexitstack.py", line 18, in __call__
    await self.app(scope, receive, send)
  File "/Users/vishnupanicker/Documents/GitHub/Axiom/packages/ml-engine/venv/lib/python3.12/site-packages/starlette/routing.py", line 660, in __call__
    await self.middleware_stack(scope, receive, send)
  File "/Users/vishnupanicker/Documents/GitHub/Axiom/packages/ml-engine/venv/lib/python3.12/site-packages/starlette/routing.py", line 680, in app
    await route.handle(scope, receive, send)
  File "/Users/vishnupanicker/Documents/GitHub/Axiom/packages/ml-engine/venv/lib/python3.12/site-packages/starlette/routing.py", line 276, in handle
    await self.app(scope, receive, send)
  File "/Users/vishnupanicker/Documents/GitHub/Axiom/packages/ml-engine/venv/lib/python3.12/site-packages/fastapi/routing.py", line 134, in app
    await wrap_app_handling_exceptions(app, request)(scope, receive, send)
  File "/Users/vishnupanicker/Documents/GitHub/Axiom/packages/ml-engine/venv/lib/python3.12/site-packages/starlette/_exception_handler.py", line 53, in wrapped_app
    raise exc
  File "/Users/vishnupanicker/Documents/GitHub/Axiom/packages/ml-engine/venv/lib/python3.12/site-packages/starlette/_exception_handler.py", line 42, in wrapped_app
    await app(scope, receive, sender)
  File "/Users/vishnupanicker/Documents/GitHub/Axiom/packages/ml-engine/venv/lib/python3.12/site-packages/fastapi/routing.py", line 120, in app
    response = await f(request)
               ^^^^^^^^^^^^^^^^
  File "/Users/vishnupanicker/Documents/GitHub/Axiom/packages/ml-engine/venv/lib/python3.12/site-packages/fastapi/routing.py", line 674, in app
    raw_response = await run_endpoint_function(
                   ^^^^^^^^^^^^^^^^^^^^^^^^^^^^
  File "/Users/vishnupanicker/Documents/GitHub/Axiom/packages/ml-engine/venv/lib/python3.12/site-packages/fastapi/routing.py", line 328, in run_endpoint_function
    return await dependant.call(**values)
           ^^^^^^^^^^^^^^^^^^^^^^^^^^^^^^
  File "/Users/vishnupanicker/Documents/GitHub/Axiom/packages/ml-engine/src/routers/quotes.py", line 31, in get_batch_quotes
    df_wl = db.query("SELECT symbol FROM watchlist")
            ^^^^^^^^^^^^^^^^^^^^^^^^^^^^^^^^^^^^^^^^
  File "/Users/vishnupanicker/Documents/GitHub/Axiom/packages/ml-engine/src/common_db/duckdb_client.py", line 138, in query
    with duckdb.connect(str(self.db_path), read_only=True) as conn:
         ^^^^^^^^^^^^^^^^^^^^^^^^^^^^^^^^^^^^^^^^^^^^^^^^^
_duckdb.ConnectionException: Connection Error: Can't open a connection to same database file with a different configuration than existing connections

